// Jest Snapshot v1, https://goo.gl/fbAQLP

exports[`Nav should match Nav snapshot 1`] = `
Object {
  "asFragment": [Function],
  "baseElement": <body>
    <div>
      <header>
        <h1>
          Math Magicians
        </h1>
        <nav>
          <a
            href="/"
          >
            Home
          </a>
          <a
            href="/calculator"
          >
            Calculator
          </a>
          <a
            href="/quote"
          >
            Quote
          </a>
        </nav>
      </header>
      <div
        class="home"
      >
        <h2>
          Welcome to my Page!
        </h2>
        <p>
          This page allows you to access the Calculator through the navigation. You can use the calculator to have some maths fun. Let's have fun!
          <br />
          Some quote for you too!
        </p>
      </div>
    </div>
  </body>,
  "container": <div>
    <header>
      <h1>
        Math Magicians
      </h1>
      <nav>
        <a
          href="/"
        >
          Home
        </a>
        <a
          href="/calculator"
        >
          Calculator
        </a>
        <a
          href="/quote"
        >
          Quote
        </a>
      </nav>
    </header>
    <div
      class="home"
    >
      <h2>
        Welcome to my Page!
      </h2>
      <p>
        This page allows you to access the Calculator through the navigation. You can use the calculator to have some maths fun. Let's have fun!
        <br />
        Some quote for you too!
      </p>
    </div>
  </div>,
  "debug": [Function],
  "findAllByAltText": [Function],
  "findAllByDisplayValue": [Function],
  "findAllByLabelText": [Function],
  "findAllByPlaceholderText": [Function],
  "findAllByRole": [Function],
  "findAllByTestId": [Function],
  "findAllByText": [Function],
  "findAllByTitle": [Function],
  "findByAltText": [Function],
  "findByDisplayValue": [Function],
  "findByLabelText": [Function],
  "findByPlaceholderText": [Function],
  "findByRole": [Function],
  "findByTestId": [Function],
  "findByText": [Function],
  "findByTitle": [Function],
  "getAllByAltText": [Function],
  "getAllByDisplayValue": [Function],
  "getAllByLabelText": [Function],
  "getAllByPlaceholderText": [Function],
  "getAllByRole": [Function],
  "getAllByTestId": [Function],
  "getAllByText": [Function],
  "getAllByTitle": [Function],
  "getByAltText": [Function],
  "getByDisplayValue": [Function],
  "getByLabelText": [Function],
  "getByPlaceholderText": [Function],
  "getByRole": [Function],
  "getByTestId": [Function],
  "getByText": [Function],
  "getByTitle": [Function],
  "queryAllByAltText": [Function],
  "queryAllByDisplayValue": [Function],
  "queryAllByLabelText": [Function],
  "queryAllByPlaceholderText": [Function],
  "queryAllByRole": [Function],
  "queryAllByTestId": [Function],
  "queryAllByText": [Function],
  "queryAllByTitle": [Function],
  "queryByAltText": [Function],
  "queryByDisplayValue": [Function],
  "queryByLabelText": [Function],
  "queryByPlaceholderText": [Function],
  "queryByRole": [Function],
  "queryByTestId": [Function],
  "queryByText": [Function],
  "queryByTitle": [Function],
  "rerender": [Function],
  "unmount": [Function],
}
`;
